
> avendia-web@0.1.0 dev
> vite --host 127.0.0.1 --port 5173


  VITE v8.2.2  ready in 279 ms

  ➜  Local:   http://127.0.0.1:5173/
  ➜  press h + enter to show help
12:36:49 a. m. [vite] (client) hmr update /src/features/rosters/RosterPage.tsx, /src/features/rosters/RosterImportWizard.tsx
12:36:56 a. m. [vite] (client) hmr update /src/features/rosters/RosterPage.tsx, /src/features/rosters/RosterImportWizard.tsx
12:37:31 a. m. [vite] (client) hmr update /src/features/rosters/RosterDialogs.tsx
12:38:01 a. m. [vite] (client) hmr update /src/features/rosters/RosterImportWizard.tsx
12:38:08 a. m. [vite] (client) hmr update /src/features/auth/LoginPage.tsx, /src/features/calendar/CalendarPage.tsx, /src/features/auth/RegisterPage.tsx, /src/features/tools/HistoryPage.tsx, /src/features/tools/WordGroupingTool.tsx, /src/features/tools/SequenceOrderingTool.tsx, /src/features/tools/ProfilePage.tsx, /src/features/dashboard/DashboardPage.tsx, /src/components/Topbar.tsx, /src/features/auth/PasswordRecoveryDialog.tsx, /src/components/GeminiAssistant.tsx, /src/components/Sidebar.tsx, /src/features/tools/WorkflowTool.tsx and 3 more
12:38:37 a. m. [vite] (client) hmr update /src/features/rosters/RosterPage.tsx
12:38:48 a. m. [vite] (client) hmr update /src/features/rosters/RosterPage.tsx
12:38:55 a. m. [vite] (client) hmr update /src/features/rosters/RosterPage.tsx
12:39:25 a. m. [vite] (client) hmr update /src/features/rosters/RosterPage.tsx
12:39:45 a. m. [vite] (client) hmr update /src/features/rosters/RosterPage.tsx
12:39:57 a. m. [vite] (client) hmr update /src/features/rosters/RosterPage.tsx
12:40:53 a. m. [vite] (client) hmr update /src/styles/rosters.css
12:42:01 a. m. [vite] (client) hmr update /src/styles/profile.css
12:42:05 a. m. [vite] (client) hmr update /src/styles/rosters.css
12:53:46 a. m. [vite] (client) hmr update /src/features/tools/ToolWorkspace.tsx
12:53:56 a. m. [vite] (client) hmr update /src/app/App.tsx
12:54:23 a. m. [vite] (client) hmr update /src/app/App.tsx
12:55:16 a. m. [vite] (client) hmr update /src/app/App.tsx
12:55:58 a. m. [vite] (client) hmr update /src/app/App.tsx
12:56:51 a. m. [vite] (client) hmr update /src/app/App.tsx
12:57:08 a. m. [vite] (client) hmr update /src/app/App.tsx
12:57:13 a. m. [vite] (client) hmr update /src/app/App.tsx
12:58:21 a. m. [vite] (client) hmr update /src/app/App.tsx
12:58:28 a. m. [vite] (client) hmr update /src/app/App.tsx
12:59:17 a. m. [vite] (client) hmr update /src/app/App.tsx
12:59:56 a. m. [vite] (client) hmr update /src/app/App.tsx
1:00:13 a. m. [vite] (client) hmr update /src/app/App.tsx
1:12:11 a. m. [vite] (client) hmr update /src/features/evaluations/checklist/ChecklistTool.tsx
1:12:26 a. m. [vite] (client) hmr update /src/features/tools/ToolWorkspace.tsx
1:12:48 a. m. [vite] (client) hmr update /src/features/evaluations/checklist/ChecklistTool.tsx, /src/features/evaluations/checklist/ChecklistCriteriaSuggestionDialog.tsx
1:13:32 a. m. [vite] (client) hmr update /src/features/evaluations/checklist/ChecklistTool.tsx
1:14:34 a. m. [vite] (client) hmr update /src/features/evaluations/checklist/ChecklistTool.tsx
1:14:34 a. m. [vite] (client) hmr update /src/features/evaluations/checklist/checklist.css
1:14:54 a. m. [vite] (client) hmr update /src/features/evaluations/checklist/ChecklistTool.tsx
